[debug] > Exec(early(addDefaultCommands), None, None)
[debug] > Exec(addDefaultCommands, None, None)
[debug] > Exec(early(initialize), None, None)
[debug] > Exec(initialize, None, None)
[debug] > Exec(early(addPluginSbtFile="""C:\Users\layne\AppData\Local\Temp\idea.sbt"""), None, None)
[debug] > Exec(addPluginSbtFile="""C:\Users\layne\AppData\Local\Temp\idea.sbt""", None, None)
[debug] > Exec(boot, None, None)
[debug] > Exec(writeSbtVersion, None, None)
[debug] > Exec(reload, None, None)
[debug] > Exec(sbtStashOnFailure, None, None)
[debug] > Exec(onFailure loadFailed, None, None)
[debug] > Exec(loadp, None, None)
[info] welcome to sbt 1.10.2 (Oracle Corporation Java 21.0.1)
[debug]       Load.loadUnit: plugins took 162.1111ms
[debug]       Load.loadUnit: defsScala took 0.5921ms
[debug] [Loading] Scanning directory C:\Users\layne\.sbt\1.0\plugins
[debug] [Loading] Found non-root projects 
[debug] [Loading] Done in C:\Users\layne\.sbt\1.0\plugins, returning: ()
[debug] deducing auto plugins based on known facts Set(Atom(sbt.plugins.CorePlugin)) and clauses Clauses(Clause(Atom(sbt.plugins.JvmPlugin),Set(Atom(sbt.plugins.IvyPlugin)))
[debug] Clause(Atom(sbt.ScriptedPlugin),Set(Atom(sbt.plugins.JvmPlugin)))
[debug] Clause(Atom(sbt.plugins.SbtPlugin),Set(Atom(sbt.ScriptedPlugin)))
[debug] Clause(Atom(sbt.plugins.SemanticdbPlugin),Set(Atom(sbt.plugins.JvmPlugin)))
[debug] Clause(Atom(sbt.plugins.JUnitXmlReportPlugin),Set(Atom(sbt.plugins.JvmPlugin)))
[debug] Clause(Atom(sbt.plugins.MiniDependencyTreePlugin),Set(Atom(sbt.plugins.JvmPlugin)))
[debug] Clause(Atom(sbt.plugins.CorePlugin),Set(Atom(sbt.plugins.IvyPlugin)))
[debug] Clause(Atom(sbt.plugins.IvyPlugin),Set(Atom(sbt.plugins.JvmPlugin)))
[debug] Clause(Atom(sbt.plugins.JvmPlugin),Set(Atom(sbt.plugins.SemanticdbPlugin)))
[debug] Clause(Atom(sbt.plugins.JvmPlugin),Set(Atom(sbt.plugins.JUnitXmlReportPlugin)))
[debug] Clause(Atom(sbt.plugins.CorePlugin),Set(Atom(sbt.plugins.Giter8TemplatePlugin)))
[debug] Clause(Atom(sbt.plugins.JvmPlugin),Set(Atom(sbt.plugins.MiniDependencyTreePlugin))))
[debug]   :: deduced result: Matched(sbt.plugins.CorePlugin,sbt.plugins.Giter8TemplatePlugin,sbt.plugins.IvyPlugin,sbt.plugins.JvmPlugin,sbt.plugins.MiniDependencyTreePlugin,sbt.plugins.JUnitXmlReportPlugin,sbt.plugins.SemanticdbPlugin)
[debug] Plugins.deducer#function took 36.9449 ms
[debug]           Load.resolveProject(global-plugins) took 78.2211ms
[debug]         Load.loadTransitive: finalizeProject(Project(id global-plugins, base: C:\Users\layne\.sbt\1.0\plugins, plugins: List(<none>))) took 156.8276ms
[debug] [Loading] Done in C:\Users\layne\.sbt\1.0\plugins, returning: (global-plugins)
[debug]       Load.loadUnit: loadedProjectsRaw took 203.7305ms
[debug]       Load.loadUnit: cleanEvalClasses took 0.3626ms
[debug]     Load.loadUnit(file:/C:/Users/layne/.sbt/1.0/plugins/, ...) took 382.4722ms
[debug]   Load.apply: load took 768.2284ms
[debug]   Load.apply: resolveProjects took 23.0387ms
[debug]   Load.apply: finalTransforms took 108.5114ms
[debug]   Load.apply: config.delegates took 16.5464ms
[debug]   Load.apply: Def.make(settings)... took 668.3095ms
[debug]   Load.apply: structureIndex took 171.6562ms
[debug]   Load.apply: mkStreams took 2.5359ms
[info] loading global plugins from C:\Users\layne\.sbt\1.0\plugins
[debug] Running task... Cancel: Signal, check cycles: false, forcegc: true
[debug] Load.defaultLoad until apply took 10854.7299ms
[debug]           Load.loadUnit: plugins took 43.6221ms
[debug]           Load.loadUnit: defsScala took 0.0066ms
[debug] [Loading] Scanning directory C:\Users\layne\OneDrive\Desktop\CS 3060\In Class\Group Work\4\Group Work4\project
[debug]             Load.loadUnit: mkEval took 11.6552ms
[debug] [Loading] Found non-root projects 
[debug] [Loading] Done in C:\Users\layne\OneDrive\Desktop\CS 3060\In Class\Group Work\4\Group Work4\project, returning: ()
[debug] deducing auto plugins based on known facts Set(Atom(sbt.plugins.CorePlugin)) and clauses Clauses(Clause(Atom(sbt.plugins.JvmPlugin),Set(Atom(sbt.plugins.IvyPlugin)))
[debug] Clause(Atom(sbt.ScriptedPlugin),Set(Atom(sbt.plugins.JvmPlugin)))
[debug] Clause(Atom(sbt.plugins.SbtPlugin),Set(Atom(sbt.ScriptedPlugin)))
[debug] Clause(Atom(sbt.plugins.SemanticdbPlugin),Set(Atom(sbt.plugins.JvmPlugin)))
[debug] Clause(Atom(sbt.plugins.JUnitXmlReportPlugin),Set(Atom(sbt.plugins.JvmPlugin)))
[debug] Clause(Atom(sbt.plugins.MiniDependencyTreePlugin),Set(Atom(sbt.plugins.JvmPlugin)))
[debug] Clause(Atom(sbt.plugins.CorePlugin),Set(Atom(sbt.plugins.IvyPlugin)))
[debug] Clause(Atom(sbt.plugins.IvyPlugin),Set(Atom(sbt.plugins.JvmPlugin)))
[debug] Clause(Atom(sbt.plugins.JvmPlugin),Set(Atom(sbt.plugins.SemanticdbPlugin)))
[debug] Clause(Atom(sbt.plugins.JvmPlugin),Set(Atom(sbt.plugins.JUnitXmlReportPlugin)))
[debug] Clause(Atom(sbt.plugins.CorePlugin),Set(Atom(sbt.plugins.Giter8TemplatePlugin)))
[debug] Clause(Atom(sbt.plugins.JvmPlugin),Set(Atom(sbt.plugins.MiniDependencyTreePlugin))))
[debug]   :: deduced result: Matched(sbt.plugins.CorePlugin,sbt.plugins.Giter8TemplatePlugin,sbt.plugins.IvyPlugin,sbt.plugins.JvmPlugin,sbt.plugins.MiniDependencyTreePlugin,sbt.plugins.JUnitXmlReportPlugin,sbt.plugins.SemanticdbPlugin)
[debug] Plugins.deducer#function took 2.4822 ms
[info] loading settings for project group-work4-build from idea.sbt ...
[debug]               Load.resolveProject(group-work4-build) took 4.6214ms
[debug]             Load.loadTransitive: finalizeProject(Project(id group-work4-build, base: C:\Users\layne\OneDrive\Desktop\CS 3060\In Class\Group Work\4\Group Work4\project, plugins: List(<none>))) took 7.8759ms
[debug] [Loading] Done in C:\Users\layne\OneDrive\Desktop\CS 3060\In Class\Group Work\4\Group Work4\project, returning: (group-work4-build)
[debug]           Load.loadUnit: loadedProjectsRaw took 3691.5097ms
[debug]           Load.loadUnit: cleanEvalClasses took 14.9232ms
[debug]         Load.loadUnit(file:/C:/Users/layne/OneDrive/Desktop/CS%203060/In%20Class/Group%20Work/4/Group%20Work4/project/, ...) took 3752.1362ms
[debug]       Load.apply: load took 3755.0917ms
[debug]       Load.apply: resolveProjects took 0.2595ms
[debug]       Load.apply: finalTransforms took 42.1193ms
[debug]       Load.apply: config.delegates took 0.74ms
[debug]       Load.apply: Def.make(settings)... took 131.3597ms
[debug]       Load.apply: structureIndex took 39.2609ms
[debug]       Load.apply: mkStreams took 0.0035ms
[info] loading project definition from C:\Users\layne\OneDrive\Desktop\CS 3060\In Class\Group Work\4\Group Work4\project
[debug] Running task... Cancel: Signal, check cycles: false, forcegc: true
[warn] Unrecognized repository Scala Plugin Bundled Repository, ignoring it
[warn] Unrecognized repository Scala Plugin Bundled Repository, ignoring it
[debug]     Load.loadUnit: plugins took 6669.2072ms
[debug]     Load.loadUnit: defsScala took 0.0053ms
[debug] [Loading] Scanning directory C:\Users\layne\OneDrive\Desktop\CS 3060\In Class\Group Work\4\Group Work4
[debug]       Load.loadUnit: mkEval took 0.5207ms
[debug] [Loading] Found root project root w/ remaining 
[debug] deducing auto plugins based on known facts Set(Atom(sbt.plugins.CorePlugin)) and clauses Clauses(Clause(Atom(sbt.plugins.JvmPlugin),Set(Atom(sbt.plugins.IvyPlugin)))
[debug] Clause(Atom(sbt.ScriptedPlugin),Set(Atom(sbt.plugins.JvmPlugin)))
[debug] Clause(Atom(sbt.plugins.SbtPlugin),Set(Atom(sbt.ScriptedPlugin)))
[debug] Clause(Atom(sbt.plugins.SemanticdbPlugin),Set(Atom(sbt.plugins.JvmPlugin)))
[debug] Clause(Atom(sbt.plugins.JUnitXmlReportPlugin),Set(Atom(sbt.plugins.JvmPlugin)))
[debug] Clause(Atom(sbt.plugins.MiniDependencyTreePlugin),Set(Atom(sbt.plugins.JvmPlugin)))
[debug] Clause(Atom(org.jetbrains.sbt.StructurePlugin),Set(Atom(sbt.plugins.JvmPlugin)))
[debug] Clause(Atom(org.jetbrains.sbt.IdeaShellPlugin),Set(Atom(sbt.plugins.JvmPlugin)))
[debug] Clause(Atom(org.jetbrains.sbt.indices.SbtIntellijIndicesPlugin),Set(Atom(sbt.plugins.JvmPlugin)))
[debug] Clause(Atom(sbt.plugins.CorePlugin),Set(Atom(sbt.plugins.IvyPlugin)))
[debug] Clause(Atom(sbt.plugins.IvyPlugin),Set(Atom(sbt.plugins.JvmPlugin)))
[debug] Clause(Atom(sbt.plugins.JvmPlugin),Set(Atom(sbt.plugins.SemanticdbPlugin)))
[debug] Clause(Atom(sbt.plugins.JvmPlugin),Set(Atom(sbt.plugins.JUnitXmlReportPlugin)))
[debug] Clause(Atom(sbt.plugins.CorePlugin),Set(Atom(sbt.plugins.Giter8TemplatePlugin)))
[debug] Clause(Atom(sbt.plugins.JvmPlugin),Set(Atom(sbt.plugins.MiniDependencyTreePlugin)))
[debug] Clause(Atom(sbt.plugins.JvmPlugin),Set(Atom(org.jetbrains.sbt.StructurePlugin)))
[debug] Clause(Atom(sbt.plugins.JvmPlugin),Set(Atom(org.jetbrains.sbt.IdeaShellPlugin)))
[debug] Clause(And(Set(Atom(sbt.plugins.CorePlugin), Atom(sbt.plugins.JvmPlugin))),Set(Atom(org.jetbrains.sbt.indices.SbtIntellijIndicesPlugin))))
[debug]   :: deduced result: Matched(sbt.plugins.CorePlugin,sbt.plugins.Giter8TemplatePlugin,sbt.plugins.IvyPlugin,sbt.plugins.JvmPlugin,sbt.plugins.SemanticdbPlugin,org.jetbrains.sbt.indices.SbtIntellijIndicesPlugin,sbt.plugins.JUnitXmlReportPlugin,org.jetbrains.sbt.IdeaShellPlugin,org.jetbrains.sbt.StructurePlugin,sbt.plugins.MiniDependencyTreePlugin)
[debug] Plugins.deducer#function took 3.2122 ms
[info] loading settings for project root from build.sbt ...
[debug]         Load.resolveProject(root) took 57.8213ms
[debug]       Load.loadTransitive: finalizeProject(Project(id root, base: C:\Users\layne\OneDrive\Desktop\CS 3060\In Class\Group Work\4\Group Work4, plugins: List(<none>))) took 63.8693ms
[debug] [Loading] Done in C:\Users\layne\OneDrive\Desktop\CS 3060\In Class\Group Work\4\Group Work4, returning: (root)
[debug]     Load.loadUnit: loadedProjectsRaw took 1834.5775ms
[debug]     Load.loadUnit: cleanEvalClasses took 40.1461ms
[debug]   Load.loadUnit(file:/C:/Users/layne/OneDrive/Desktop/CS%203060/In%20Class/Group%20Work/4/Group%20Work4/, ...) took 8545.5321ms
[debug] Load.apply: load took 8548.4703ms
[debug] Load.apply: resolveProjects took 0.2008ms
[debug] Load.apply: finalTransforms took 56.0158ms
[debug] Load.apply: config.delegates took 0.7219ms
[debug] Load.apply: Def.make(settings)... took 178.6265ms
[debug] Load.apply: structureIndex took 58.4614ms
[debug] Load.apply: mkStreams took 0.0041ms
[info] set current project to Group Work4 (in build file:/C:/Users/layne/OneDrive/Desktop/CS%203060/In%20Class/Group%20Work/4/Group%20Work4/)
[debug] > Exec(sbtPopOnFailure, None, None)
[debug] > Exec(resumeFromFailure, None, None)
[debug] > Exec(notifyUsersAboutShell, None, None)
[debug] > Exec(iflast shell, None, None)
[debug] > Exec(; set ideaPort in Global := 54775 ; idea-shell, None, None)
[debug] > Exec(set ideaPort in Global := 54775, None, None)
[info] Defining Global / ideaPort
[info] The new value will be used by Compile / compile, Test / compile
[debug] Defining 
[debug] 	Global / ideaPort
[debug] 
[debug] The new value will be used by 
[debug] 	Compile / compile
[debug] 	Test / compile
[info] Reapplying settings...
[info] set current project to Group Work4 (in build file:/C:/Users/layne/OneDrive/Desktop/CS%203060/In%20Class/Group%20Work/4/Group%20Work4/)
[debug] > Exec(idea-shell, None, None)
